#
# A fatal error has been detected by the Java Runtime Environment:
#
#  EXCEPTION_ACCESS_VIOLATION (0xc0000005) at pc=0x00007ff9e48c5533, pid=43376, tid=37620
#
# JRE version: OpenJDK Runtime Environment Microsoft-12574423 (17.0.17+10) (build 17.0.17+10-LTS)
# Java VM: OpenJDK 64-Bit Server VM Microsoft-12574423 (17.0.17+10-LTS, mixed mode, emulated-client, sharing, tiered, compressed oops, compressed class ptrs, g1 gc, windows-amd64)
# Problematic frame:
# V  [jvm.dll+0x395533]
#
# No core dump will be written. Minidumps are not enabled by default on client versions of Windows
#
# If you would like to submit a bug report, please visit:
#   https://github.com/microsoft/openjdk/issues
#

---------------  S U M M A R Y ------------

Command Line: -XX:TieredStopAtLevel=1 -Dspring.output.ansi.enabled=always -Dcom.sun.management.jmxremote -Dspring.jmx.enabled=true -Dspring.liveBeansView.mbeanDomain -Dspring.application.admin.enabled=true -Dmanagement.endpoints.jmx.exposure.include=* -javaagent:D:\program\IntelliJ IDEA 2023.2.4\lib\idea_rt.jar=64907:D:\program\IntelliJ IDEA 2023.2.4\bin -Dfile.encoding=UTF-8 com.example.friend.OjFriendApplication

Host: 13th Gen Intel(R) Core(TM) i9-13900H, 20 cores, 31G,  Windows 11 , 64 bit Build 26100 (10.0.26100.7920)
Time: Tue Mar 17 18:04:20 2026  Windows 11 , 64 bit Build 26100 (10.0.26100.7920) elapsed time: 637.594364 seconds (0d 0h 10m 37s)

---------------  T H R E A D  ---------------

Current thread (0x0000021cfe70cf70):  JavaThread "nacos-grpc-client-executor-47.118.20.7-135" daemon [_thread_in_vm, id=37620, stack(0x00000051cdf00000,0x00000051ce000000)]

Stack: [0x00000051cdf00000,0x00000051ce000000],  sp=0x00000051cdfff990,  free space=1022k
Native frames: (J=compiled Java code, j=interpreted, Vv=VM code, C=native code)
V  [jvm.dll+0x395533]  (no source info available)
V  [jvm.dll+0x68ea02]  (no source info available)
V  [jvm.dll+0x39616b]  (no source info available)
V  [jvm.dll+0x3963f7]  (no source info available)
V  [jvm.dll+0x41e7cf]  (no source info available)
V  [jvm.dll+0x7fb65b]  (no source info available)
V  [jvm.dll+0x7f5a5c]  (no source info available)
